// Jest Snapshot v1, https://goo.gl/fbAQLP

exports[`<Footer /> renders the <Footer /> with populated data 1`] = `
<div
  class="footer__Container-lohpb0-0 gFbcXb"
>
   
  <p
    class="footer__Title-lohpb0-4 bUYZNN"
  >
    Questions? Contact us.
  </p>
  <div
    class="footer__Break-lohpb0-6 igrNKm"
  />
  <div
    class="footer__Row-lohpb0-2 eDuxJN"
  >
    <div
      class="footer__Column-lohpb0-1 kDuENE"
    >
      <a
        class="footer__Link-lohpb0-3 aKbXv"
        href="#"
      >
        FAQ
      </a>
      <a
        class="footer__Link-lohpb0-3 aKbXv"
        href="#"
      >
        Investor Relations
      </a>
      <a
        class="footer__Link-lohpb0-3 aKbXv"
        href="#"
      >
        Ways to Watch
      </a>
      <a
        class="footer__Link-lohpb0-3 aKbXv"
        href="#"
      >
        Corporate Information
      </a>
      <a
        class="footer__Link-lohpb0-3 aKbXv"
        href="#"
      >
        Netflix Originals
      </a>
    </div>
    <div
      class="footer__Column-lohpb0-1 kDuENE"
    >
      <a
        class="footer__Link-lohpb0-3 aKbXv"
        href="#"
      >
        Help Center
      </a>
      <a
        class="footer__Link-lohpb0-3 aKbXv"
        href="#"
      >
        Jobs
      </a>
      <a
        class="footer__Link-lohpb0-3 aKbXv"
        href="#"
      >
        Terms of Use
      </a>
      <a
        class="footer__Link-lohpb0-3 aKbXv"
        href="#"
      >
        Contact Us
      </a>
    </div>
    <div
      class="footer__Column-lohpb0-1 kDuENE"
    >
      <a
        class="footer__Link-lohpb0-3 aKbXv"
        href="#"
      >
        Account
      </a>
      <a
        class="footer__Link-lohpb0-3 aKbXv"
        href="#"
      >
        Redeem Gift Cards
      </a>
      <a
        class="footer__Link-lohpb0-3 aKbXv"
        href="#"
      >
        Privacy
      </a>
      <a
        class="footer__Link-lohpb0-3 aKbXv"
        href="#"
      >
        Speed Test
      </a>
    </div>
    <div
      class="footer__Column-lohpb0-1 kDuENE"
    >
      <a
        class="footer__Link-lohpb0-3 aKbXv"
        href="#"
      >
        Media Center
      </a>
      <a
        class="footer__Link-lohpb0-3 aKbXv"
        href="#"
      >
        Buy Gift Cards
      </a>
      <a
        class="footer__Link-lohpb0-3 aKbXv"
        href="#"
      >
        Cookie Preferences
      </a>
      <a
        class="footer__Link-lohpb0-3 aKbXv"
        href="#"
      >
        Legal Notices
      </a>
    </div>
  </div>
  <div
    class="footer__Break-lohpb0-6 igrNKm"
  />
  <p
    class="footer__Text-lohpb0-5 gryrdo"
  >
    Netflix United Kingdom
  </p>
</div>
`;
